<html>
<body>
<pre>
<h1>µVision Build Log</h1>
<h2>Tool Versions:</h2>
IDE-Version: µVision V5.29.0.0
Copyright (C) 2019 ARM Ltd and ARM Germany GmbH. All rights reserved.
License Information: Bishoy Zakaria, assuit university, LIC=----
 
Tool Versions:
Toolchain:       MDK-Lite  Version: 5.29.0.0
Toolchain Path:  C:\Keil_v5\ARM\ARMCC\Bin
C Compiler:      Armcc.exe V5.06 update 6 (build 750)
Assembler:       Armasm.exe V5.06 update 6 (build 750)
Linker/Locator:  ArmLink.exe V5.06 update 6 (build 750)
Library Manager: ArmAr.exe V5.06 update 6 (build 750)
Hex Converter:   FromElf.exe V5.06 update 6 (build 750)
CPU DLL:         SARM.DLL V5.29.0.0
Dialog DLL:      DARMP.DLL V1.53.0.0
Target DLL:      UL2ARM.DLL V1.74.10.0
Dialog DLL:      TARMP.DLL V1.53.0.0
 
<h2>Project:</h2>
C:\Users\20112\Desktop\FreeRTOSv10.3.1\FreeRTOSv10.3.1\FreeRTOS\Demo\ARM7_LPC2129_Keil_RVDS\RTOSDemo.uvproj
Project File Date:  10/12/2020

<h2>Output:</h2>
*** Using Compiler 'V5.06 update 6 (build 750)', folder: 'C:\Keil_v5\ARM\ARMCC\Bin'
Build target 'RTOSDemo_THUMB'
compiling main.c...
Starter_Files_V0\source\main.c(320): warning:  #191-D: type qualifier is meaningless on cast type
  	   	vSerialPutString( (const signed char * const) Buf_ptr, 20);
Starter_Files_V0\source\main.c: 1 warning, 0 errors
linking...
Program Size: Code=11360 RO-data=32 RW-data=304 ZI-data=15376  
FromELF: creating hex file...
".\bin\RTOSDemo.axf" - 0 Error(s), 1 Warning(s).
Build Time Elapsed:  00:00:00
</pre>
</body>
</html>
