Component: ARM Compiler 5.06 update 6 (build 750) Tool: armlink [4d35ed]

==============================================================================

Section Cross References

    startup.o(STACK) refers (Special) to heapauxi.o(.text) for __use_two_region_memory
    startup.o(HEAP) refers (Special) to heapauxi.o(.text) for __use_two_region_memory
    startup.o(RESET) refers (Special) to heapauxi.o(.text) for __use_two_region_memory
    startup.o(RESET) refers to portasm.o(PORT_ASM) for vPortYieldProcessor
    startup.o(RESET) refers to startup.o(STACK) for Stack_Top
    startup.o(RESET) refers to __main.o(!!!main) for __main
    startup.o(.text) refers (Special) to heapauxi.o(.text) for __use_two_region_memory
    startup.o(.text) refers to startup.o(HEAP) for Heap_Mem
    startup.o(.text) refers to startup.o(STACK) for Stack_Mem
    serialisr.o(.text) refers to port.o(.data) for ulCriticalNesting
    serialisr.o(.text) refers to tasks.o(.data) for pxCurrentTCB
    serialisr.o(.text) refers to serial.o(.text) for vUART_ISRHandler
    gpio.o(.text) refers to gpio_cfg.o(.data) for PinConfig_array
    main.o(.text) refers to queue.o(.text) for xQueueSemaphoreTake
    main.o(.text) refers to gpio.o(.text) for GPIO_read
    main.o(.text) refers to tasks.o(.text) for vTaskDelay
    main.o(.text) refers to serial.o(.text) for vSerialPutString
    main.o(.text) refers to main.o(.data) for But_1_H
    main.o(.text) refers to main.o(.bss) for Buffer
    serial.o(.text) refers to aeabi_sdiv.o(.text_udiv) for __aeabi_uidivmod
    serial.o(.text) refers to serialisr.o(.text) for vUART_ISREntry
    serial.o(.text) refers to serial.o(.data) for isNewCharAvailable
    serial.o(.text) refers to serial.o(.bss) for txBuffer
    tasks.o(.text) refers to list.o(.text) for vListInitialise
    tasks.o(.text) refers to port.o(.text) for vPortEnterCritical
    tasks.o(.text) refers to portasm.o(PORT_ASM) for vPortYield
    tasks.o(.text) refers to heap_2.o(.text) for pvPortMalloc
    tasks.o(.text) refers to tasks.o(.bss) for pxReadyTasksLists
    tasks.o(.text) refers to tasks.o(.data) for pxDelayedTaskList
    tasks.o(.text) refers to tasks.o(i.__ARM_common_disable_irq) for __ARM_common_disable_irq
    tasks.o(.text) refers to tasks.o(i.__ARM_common_switch8) for __ARM_common_switch8
    queue.o(.text) refers to port.o(.text) for vPortEnterCritical
    queue.o(.text) refers to tasks.o(.text) for xTaskRemoveFromEventList
    queue.o(.text) refers to portasm.o(PORT_ASM) for vPortYield
    queue.o(.text) refers to list.o(.text) for vListInitialise
    queue.o(.text) refers to heap_2.o(.text) for pvPortMalloc
    queue.o(.text) refers to rt_memcpy.o(.text) for __aeabi_memcpy
    queue.o(.text) refers to queue.o(.data) for xQueueRegistry
    port.o(.text) refers to portasm.o(PORT_ASM) for vPortStartFirstTask
    port.o(.text) refers to tasks.o(i.__ARM_common_disable_irq) for __ARM_common_disable_irq
    port.o(.text) refers to port.o(i.__ARM_common_enable_irq) for __ARM_common_enable_irq
    port.o(.text) refers to port.o(.data) for ulCriticalNesting
    heap_2.o(.text) refers to tasks.o(.text) for vTaskSuspendAll
    heap_2.o(.text) refers to heap_2.o(.bss) for ucHeap
    heap_2.o(.text) refers to heap_2.o(.data) for xStart
    portasm.o(PORT_ASM) refers to tasks.o(.data) for pxCurrentTCB
    portasm.o(PORT_ASM) refers to port.o(.data) for ulCriticalNesting
    portasm.o(PORT_ASM) refers to tasks.o(.text) for vTaskSwitchContext
    rt_memcpy.o(.text) refers to rt_memcpy_w.o(.text) for __aeabi_memcpy4
    aeabi_sdiv.o(.text_udiv) refers to aeabi_sdiv.o(.text) for __arm_div2
    aeabi_sdiv_div0.o(.text_udiv) refers to aeabi_sdiv_div0.o(.text) for __arm_div2
    __main.o(!!!main) refers to __rtentry.o(.ARM.Collect$$rtentry$$00000000) for __rt_entry
    __rtentry.o(.ARM.Collect$$rtentry$$00000000) refers (Special) to __rtentry2.o(.ARM.Collect$$rtentry$$0000000A) for __rt_entry_li
    __rtentry.o(.ARM.Collect$$rtentry$$00000000) refers (Special) to __rtentry2.o(.ARM.Collect$$rtentry$$0000000D) for __rt_entry_main
    __rtentry.o(.ARM.Collect$$rtentry$$00000000) refers (Special) to __rtentry2.o(.ARM.Collect$$rtentry$$0000000C) for __rt_entry_postli_1
    __rtentry.o(.ARM.Collect$$rtentry$$00000000) refers (Special) to __rtentry2.o(.ARM.Collect$$rtentry$$00000009) for __rt_entry_postsh_1
    __rtentry.o(.ARM.Collect$$rtentry$$00000000) refers (Special) to __rtentry2.o(.ARM.Collect$$rtentry$$00000002) for __rt_entry_presh_1
    __rtentry.o(.ARM.Collect$$rtentry$$00000000) refers (Special) to __rtentry4.o(.ARM.Collect$$rtentry$$00000004) for __rt_entry_sh
    aeabi_idiv0_sigfpe.o(.text) refers to rt_div0.o(.text) for __rt_div0
    __rtentry2.o(.ARM.Collect$$rtentry$$00000008) refers to boardinit2.o(.text) for _platform_post_stackheap_init
    __rtentry2.o(.ARM.Collect$$rtentry$$0000000A) refers to libinit.o(.ARM.Collect$$libinit$$00000000) for __rt_lib_init
    __rtentry2.o(.ARM.Collect$$rtentry$$0000000B) refers to boardinit3.o(.text) for _platform_post_lib_init
    __rtentry2.o(.ARM.Collect$$rtentry$$0000000D) refers to exit.o(.text) for exit
    __rtentry2.o(.ARM.Collect$$rtentry$$0000000D) refers to main.o(.text) for main
    __rtentry2.o(.ARM.exidx) refers to __rtentry2.o(.ARM.Collect$$rtentry$$00000001) for .ARM.Collect$$rtentry$$00000001
    __rtentry2.o(.ARM.exidx) refers to __rtentry2.o(.ARM.Collect$$rtentry$$00000008) for .ARM.Collect$$rtentry$$00000008
    __rtentry2.o(.ARM.exidx) refers to __rtentry2.o(.ARM.Collect$$rtentry$$0000000A) for .ARM.Collect$$rtentry$$0000000A
    __rtentry2.o(.ARM.exidx) refers to __rtentry2.o(.ARM.Collect$$rtentry$$0000000B) for .ARM.Collect$$rtentry$$0000000B
    __rtentry2.o(.ARM.exidx) refers to __rtentry2.o(.ARM.Collect$$rtentry$$0000000D) for .ARM.Collect$$rtentry$$0000000D
    __rtentry4.o(.ARM.Collect$$rtentry$$00000004) refers to sys_stackheap_outer.o(.text) for __user_setup_stackheap
    __rtentry4.o(.ARM.exidx) refers to __rtentry4.o(.ARM.Collect$$rtentry$$00000004) for .ARM.Collect$$rtentry$$00000004
    rt_div0.o(.text) refers to defsig_fpe_outer.o(.text) for __rt_SIGFPE
    sys_stackheap_outer.o(.text) refers to libspace.o(.text) for __user_perproc_libspace
    sys_stackheap_outer.o(.text) refers to startup.o(.text) for __user_initial_stackheap
    exit.o(.text) refers to rtexit.o(.ARM.Collect$$rtexit$$00000000) for __rt_exit
    defsig_fpe_outer.o(.text) refers to defsig_fpe_inner.o(.text) for __rt_SIGFPE_inner
    defsig_fpe_outer.o(.text) refers to defsig_exit.o(.text) for __sig_exit
    defsig_fpe_formal.o(.text) refers to rt_raise.o(.text) for __rt_raise
    libinit.o(.ARM.Collect$$libinit$$00000000) refers (Special) to libinit2.o(.ARM.Collect$$libinit$$0000002E) for __rt_lib_init_alloca_1
    libinit.o(.ARM.Collect$$libinit$$00000000) refers (Special) to libinit2.o(.ARM.Collect$$libinit$$0000002C) for __rt_lib_init_argv_1
    libinit.o(.ARM.Collect$$libinit$$00000000) refers (Special) to libinit2.o(.ARM.Collect$$libinit$$0000001B) for __rt_lib_init_atexit_1
    libinit.o(.ARM.Collect$$libinit$$00000000) refers (Special) to libinit2.o(.ARM.Collect$$libinit$$00000021) for __rt_lib_init_clock_1
    libinit.o(.ARM.Collect$$libinit$$00000000) refers (Special) to libinit2.o(.ARM.Collect$$libinit$$00000032) for __rt_lib_init_cpp_1
    libinit.o(.ARM.Collect$$libinit$$00000000) refers (Special) to libinit2.o(.ARM.Collect$$libinit$$00000030) for __rt_lib_init_exceptions_1
    libinit.o(.ARM.Collect$$libinit$$00000000) refers (Special) to libinit2.o(.ARM.Collect$$libinit$$00000002) for __rt_lib_init_fp_1
    libinit.o(.ARM.Collect$$libinit$$00000000) refers (Special) to libinit2.o(.ARM.Collect$$libinit$$0000001F) for __rt_lib_init_fp_trap_1
    libinit.o(.ARM.Collect$$libinit$$00000000) refers (Special) to libinit2.o(.ARM.Collect$$libinit$$00000023) for __rt_lib_init_getenv_1
    libinit.o(.ARM.Collect$$libinit$$00000000) refers (Special) to libinit2.o(.ARM.Collect$$libinit$$0000000A) for __rt_lib_init_heap_1
    libinit.o(.ARM.Collect$$libinit$$00000000) refers (Special) to libinit2.o(.ARM.Collect$$libinit$$00000011) for __rt_lib_init_lc_collate_1
    libinit.o(.ARM.Collect$$libinit$$00000000) refers (Special) to libinit2.o(.ARM.Collect$$libinit$$00000013) for __rt_lib_init_lc_ctype_1
    libinit.o(.ARM.Collect$$libinit$$00000000) refers (Special) to libinit2.o(.ARM.Collect$$libinit$$00000015) for __rt_lib_init_lc_monetary_1
    libinit.o(.ARM.Collect$$libinit$$00000000) refers (Special) to libinit2.o(.ARM.Collect$$libinit$$00000017) for __rt_lib_init_lc_numeric_1
    libinit.o(.ARM.Collect$$libinit$$00000000) refers (Special) to libinit2.o(.ARM.Collect$$libinit$$00000019) for __rt_lib_init_lc_time_1
    libinit.o(.ARM.Collect$$libinit$$00000000) refers (Special) to libinit2.o(.ARM.Collect$$libinit$$00000004) for __rt_lib_init_preinit_1
    libinit.o(.ARM.Collect$$libinit$$00000000) refers (Special) to libinit2.o(.ARM.Collect$$libinit$$0000000E) for __rt_lib_init_rand_1
    libinit.o(.ARM.Collect$$libinit$$00000000) refers (Special) to libinit2.o(.ARM.Collect$$libinit$$00000033) for __rt_lib_init_return
    libinit.o(.ARM.Collect$$libinit$$00000000) refers (Special) to libinit2.o(.ARM.Collect$$libinit$$0000001D) for __rt_lib_init_signal_1
    libinit.o(.ARM.Collect$$libinit$$00000000) refers (Special) to libinit2.o(.ARM.Collect$$libinit$$00000025) for __rt_lib_init_stdio_1
    libinit.o(.ARM.Collect$$libinit$$00000000) refers (Special) to libinit2.o(.ARM.Collect$$libinit$$0000000C) for __rt_lib_init_user_alloc_1
    libspace.o(.text) refers to libspace.o(.bss) for __libspace_start
    rtexit.o(.ARM.Collect$$rtexit$$00000000) refers (Special) to rtexit2.o(.ARM.Collect$$rtexit$$00000004) for __rt_exit_exit
    rtexit.o(.ARM.Collect$$rtexit$$00000000) refers (Special) to rtexit2.o(.ARM.Collect$$rtexit$$00000003) for __rt_exit_ls
    rtexit.o(.ARM.Collect$$rtexit$$00000000) refers (Special) to rtexit2.o(.ARM.Collect$$rtexit$$00000002) for __rt_exit_prels_1
    rtexit.o(.ARM.exidx) refers (Special) to rtexit2.o(.ARM.Collect$$rtexit$$00000004) for __rt_exit_exit
    rtexit.o(.ARM.exidx) refers (Special) to rtexit2.o(.ARM.Collect$$rtexit$$00000003) for __rt_exit_ls
    rtexit.o(.ARM.exidx) refers (Special) to rtexit2.o(.ARM.Collect$$rtexit$$00000002) for __rt_exit_prels_1
    rtexit.o(.ARM.exidx) refers to rtexit.o(.ARM.Collect$$rtexit$$00000000) for .ARM.Collect$$rtexit$$00000000
    rt_raise.o(.text) refers to __raise.o(.text) for __raise
    rt_raise.o(.text) refers to sys_exit.o(.text) for _sys_exit
    defsig_exit.o(.text) refers to sys_exit.o(.text) for _sys_exit
    defsig_fpe_inner.o(.text) refers to defsig_general.o(.text) for __default_signal_display
    libinit2.o(.ARM.Collect$$libinit$$00000001) refers to fpinit.o(x$fpl$fpinit) for _fp_init
    libinit2.o(.ARM.Collect$$libinit$$00000010) refers to libinit2.o(.ARM.Collect$$libinit$$0000000F) for .ARM.Collect$$libinit$$0000000F
    libinit2.o(.ARM.Collect$$libinit$$00000012) refers to libinit2.o(.ARM.Collect$$libinit$$0000000F) for .ARM.Collect$$libinit$$0000000F
    libinit2.o(.ARM.Collect$$libinit$$00000014) refers to libinit2.o(.ARM.Collect$$libinit$$0000000F) for .ARM.Collect$$libinit$$0000000F
    libinit2.o(.ARM.Collect$$libinit$$00000016) refers to libinit2.o(.ARM.Collect$$libinit$$0000000F) for .ARM.Collect$$libinit$$0000000F
    libinit2.o(.ARM.Collect$$libinit$$00000018) refers to libinit2.o(.ARM.Collect$$libinit$$0000000F) for .ARM.Collect$$libinit$$0000000F
    libinit2.o(.ARM.Collect$$libinit$$00000026) refers to argv_veneer.o(.emb_text) for __ARM_argv_veneer
    libinit2.o(.ARM.Collect$$libinit$$00000027) refers to argv_veneer.o(.emb_text) for __ARM_argv_veneer
    sys_exit.o(.text) refers (Special) to use_no_semi.o(.text) for __I$use$semihosting
    sys_exit.o(.text) refers (Special) to indicate_semi.o(.text) for __semihosting_library_function
    rtexit2.o(.ARM.Collect$$rtexit$$00000003) refers to libshutdown.o(.ARM.Collect$$libshutdown$$00000000) for __rt_lib_shutdown
    rtexit2.o(.ARM.Collect$$rtexit$$00000004) refers to sys_exit.o(.text) for _sys_exit
    rtexit2.o(.ARM.exidx) refers to rtexit2.o(.ARM.Collect$$rtexit$$00000001) for .ARM.Collect$$rtexit$$00000001
    rtexit2.o(.ARM.exidx) refers to rtexit2.o(.ARM.Collect$$rtexit$$00000003) for .ARM.Collect$$rtexit$$00000003
    rtexit2.o(.ARM.exidx) refers to rtexit2.o(.ARM.Collect$$rtexit$$00000004) for .ARM.Collect$$rtexit$$00000004
    __raise.o(.text) refers to __raise.o(i.__ARM_common_call_via_r2) for __ARM_common_call_via_r2
    __raise.o(.text) refers to defsig.o(CL$$defsig) for __default_signal_handler
    defsig_general.o(.text) refers to sys_wrch.o(.text) for _ttywrch
    argv_veneer.o(.emb_text) refers to no_argv.o(.text) for __ARM_get_argv
    sys_wrch.o(.text) refers (Special) to use_no_semi.o(.text) for __I$use$semihosting
    sys_wrch.o(.text) refers (Special) to indicate_semi.o(.text) for __semihosting_library_function
    defsig.o(CL$$defsig) refers to defsig_fpe_inner.o(.text) for __rt_SIGFPE_inner
    defsig.o(CL$$defsig) refers to defsig_rtmem_inner.o(.text) for __rt_SIGRTMEM_inner
    _get_argv_nomalloc.o(.text) refers (Special) to hrguard.o(.text) for __heap_region$guard
    _get_argv_nomalloc.o(.text) refers to defsig_rtmem_outer.o(.text) for __rt_SIGRTMEM
    _get_argv_nomalloc.o(.text) refers to sys_command.o(.text) for _sys_command_string
    libshutdown.o(.ARM.Collect$$libshutdown$$00000000) refers (Special) to libshutdown2.o(.ARM.Collect$$libshutdown$$00000002) for __rt_lib_shutdown_cpp_1
    libshutdown.o(.ARM.Collect$$libshutdown$$00000000) refers (Special) to libshutdown2.o(.ARM.Collect$$libshutdown$$00000007) for __rt_lib_shutdown_fp_trap_1
    libshutdown.o(.ARM.Collect$$libshutdown$$00000000) refers (Special) to libshutdown2.o(.ARM.Collect$$libshutdown$$0000000F) for __rt_lib_shutdown_heap_1
    libshutdown.o(.ARM.Collect$$libshutdown$$00000000) refers (Special) to libshutdown2.o(.ARM.Collect$$libshutdown$$00000010) for __rt_lib_shutdown_return
    libshutdown.o(.ARM.Collect$$libshutdown$$00000000) refers (Special) to libshutdown2.o(.ARM.Collect$$libshutdown$$0000000A) for __rt_lib_shutdown_signal_1
    libshutdown.o(.ARM.Collect$$libshutdown$$00000000) refers (Special) to libshutdown2.o(.ARM.Collect$$libshutdown$$00000004) for __rt_lib_shutdown_stdio_1
    libshutdown.o(.ARM.Collect$$libshutdown$$00000000) refers (Special) to libshutdown2.o(.ARM.Collect$$libshutdown$$0000000C) for __rt_lib_shutdown_user_alloc_1
    sys_command.o(.text) refers (Special) to use_no_semi.o(.text) for __I$use$semihosting
    sys_command.o(.text) refers (Special) to indicate_semi.o(.text) for __semihosting_library_function
    defsig_abrt_inner.o(.text) refers to defsig_general.o(.text) for __default_signal_display
    defsig_rtred_inner.o(.text) refers to defsig_general.o(.text) for __default_signal_display
    defsig_rtmem_inner.o(.text) refers to defsig_general.o(.text) for __default_signal_display
    defsig_rtmem_outer.o(.text) refers to defsig_rtmem_inner.o(.text) for __rt_SIGRTMEM_inner
    defsig_rtmem_outer.o(.text) refers to defsig_exit.o(.text) for __sig_exit
    defsig_rtmem_formal.o(.text) refers to rt_raise.o(.text) for __rt_raise
    defsig_stak_inner.o(.text) refers to defsig_general.o(.text) for __default_signal_display
    defsig_pvfn_inner.o(.text) refers to defsig_general.o(.text) for __default_signal_display
    defsig_cppl_inner.o(.text) refers to defsig_general.o(.text) for __default_signal_display
    defsig_segv_inner.o(.text) refers to defsig_general.o(.text) for __default_signal_display
    defsig_other.o(.text) refers to defsig_general.o(.text) for __default_signal_display


==============================================================================

Removing Unused input sections from the image.

    Removing partest.o(.text), (80 bytes).

1 unused section(s) (total 80 bytes) removed from the image.

==============================================================================

Adding Veneers to the image

    Adding AT veneer (8 bytes, Inline) for call to '__rt_lib_init' from __rtentry2.o(.ARM.Collect$$rtentry$$0000000A).
    Adding AT veneer (8 bytes, Inline) for call to '__rt_lib_shutdown' from rtexit2.o(.ARM.Collect$$rtexit$$00000003).
    Adding TA veneer (4 bytes, Inline) for call to '__rt_exit' from exit.o(.text).
    Adding TA veneer (4 bytes, Inline) for call to '__aeabi_memcpy' from queue.o(.text).
    Adding AT veneer (8 bytes, Inline) for call to '_sys_exit' from rtexit2.o(.ARM.Collect$$rtexit$$00000004).
    Adding TA veneer (4 bytes, Inline) for call to '__aeabi_uidivmod' from serial.o(.text).
    Adding TA veneer (4 bytes, Inline) for call to 'vPortStartFirstTask' from port.o(.text).
    Adding TA veneer (8 bytes, Short) for call to 'vPortYield' from tasks.o(.text).
    Adding TA veneer (4 bytes, Inline) for call to '__ARM_common_disable_irq' from tasks.o(.text).
    Adding TA veneer (4 bytes, Inline) for call to '__ARM_common_enable_irq' from port.o(.text).
    Adding TA veneer (4 bytes, Inline) for call to '__ARM_common_switch8' from tasks.o(.text).

11 Veneer(s) (total 60 bytes) added to the image.

==============================================================================

Image Symbol Table

    Local Symbols

    Symbol Name                              Value     Ov Type        Size  Object(Section)

    RESET                                    0x00000000   Section      260  startup.o(RESET)
    ../clib/angel/boardlib.s                 0x00000000   Number         0  boardinit2.o ABSOLUTE
    ../clib/angel/boardlib.s                 0x00000000   Number         0  boardinit3.o ABSOLUTE
    ../clib/angel/boardlib.s                 0x00000000   Number         0  boardshut.o ABSOLUTE
    ../clib/angel/boardlib.s                 0x00000000   Number         0  boardinit1.o ABSOLUTE
    ../clib/angel/dczerorl2.s                0x00000000   Number         0  __dczerorl2.o ABSOLUTE
    ../clib/angel/handlers.s                 0x00000000   Number         0  __scatter_zi.o ABSOLUTE
    ../clib/angel/kernel.s                   0x00000000   Number         0  rtexit2.o ABSOLUTE
    ../clib/angel/kernel.s                   0x00000000   Number         0  __rtentry.o ABSOLUTE
    ../clib/angel/kernel.s                   0x00000000   Number         0  rtexit.o ABSOLUTE
    ../clib/angel/kernel.s                   0x00000000   Number         0  __rtentry4.o ABSOLUTE
    ../clib/angel/kernel.s                   0x00000000   Number         0  __rtentry2.o ABSOLUTE
    ../clib/angel/rt.s                       0x00000000   Number         0  rt_div0.o ABSOLUTE
    ../clib/angel/rt.s                       0x00000000   Number         0  aeabi_idiv0.o ABSOLUTE
    ../clib/angel/rt.s                       0x00000000   Number         0  aeabi_idiv0_sigfpe.o ABSOLUTE
    ../clib/angel/rt.s                       0x00000000   Number         0  rt_raise.o ABSOLUTE
    ../clib/angel/scatter.s                  0x00000000   Number         0  __scatter.o ABSOLUTE
    ../clib/angel/startup.s                  0x00000000   Number         0  __main.o ABSOLUTE
    ../clib/angel/sys.s                      0x00000000   Number         0  use_no_semi.o ABSOLUTE
    ../clib/angel/sys.s                      0x00000000   Number         0  indicate_semi.o ABSOLUTE
    ../clib/angel/sys.s                      0x00000000   Number         0  sys_stackheap_outer.o ABSOLUTE
    ../clib/angel/sys.s                      0x00000000   Number         0  libspace.o ABSOLUTE
    ../clib/angel/sysapp.c                   0x00000000   Number         0  sys_wrch.o ABSOLUTE
    ../clib/angel/sysapp.c                   0x00000000   Number         0  sys_exit.o ABSOLUTE
    ../clib/angel/sysapp.c                   0x00000000   Number         0  sys_command.o ABSOLUTE
    ../clib/armsys.c                         0x00000000   Number         0  argv_veneer.o ABSOLUTE
    ../clib/armsys.c                         0x00000000   Number         0  argv_veneer.o ABSOLUTE
    ../clib/armsys.c                         0x00000000   Number         0  no_argv.o ABSOLUTE
    ../clib/armsys.c                         0x00000000   Number         0  _get_argv_nomalloc.o ABSOLUTE
    ../clib/division.s                       0x00000000   Number         0  aeabi_sdiv.o ABSOLUTE
    ../clib/division.s                       0x00000000   Number         0  aeabi_sdiv_div0.o ABSOLUTE
    ../clib/divrt.s                          0x00000000   Number         0  divrt_7tdmi.o ABSOLUTE
    ../clib/divrt.s                          0x00000000   Number         0  divrt_7tdmi_div0.o ABSOLUTE
    ../clib/heapalloc.c                      0x00000000   Number         0  hrguard.o ABSOLUTE
    ../clib/heapaux.c                        0x00000000   Number         0  heapauxi.o ABSOLUTE
    ../clib/libinit.s                        0x00000000   Number         0  libinit.o ABSOLUTE
    ../clib/libinit.s                        0x00000000   Number         0  libinit2.o ABSOLUTE
    ../clib/libinit.s                        0x00000000   Number         0  libshutdown2.o ABSOLUTE
    ../clib/libinit.s                        0x00000000   Number         0  libshutdown.o ABSOLUTE
    ../clib/memcpset.s                       0x00000000   Number         0  rt_memcpy.o ABSOLUTE
    ../clib/memcpset.s                       0x00000000   Number         0  rt_memcpy_w.o ABSOLUTE
    ../clib/signal.c                         0x00000000   Number         0  defsig_fpe_formal.o ABSOLUTE
    ../clib/signal.c                         0x00000000   Number         0  defsig_fpe_outer.o ABSOLUTE
    ../clib/signal.c                         0x00000000   Number         0  defsig_segv_inner.o ABSOLUTE
    ../clib/signal.c                         0x00000000   Number         0  defsig_other.o ABSOLUTE
    ../clib/signal.c                         0x00000000   Number         0  defsig_abrt_inner.o ABSOLUTE
    ../clib/signal.c                         0x00000000   Number         0  defsig_rtred_inner.o ABSOLUTE
    ../clib/signal.c                         0x00000000   Number         0  defsig_general.o ABSOLUTE
    ../clib/signal.c                         0x00000000   Number         0  defsig_stak_inner.o ABSOLUTE
    ../clib/signal.c                         0x00000000   Number         0  defsig_rtmem_inner.o ABSOLUTE
    ../clib/signal.c                         0x00000000   Number         0  __raise.o ABSOLUTE
    ../clib/signal.c                         0x00000000   Number         0  defsig_rtmem_outer.o ABSOLUTE
    ../clib/signal.c                         0x00000000   Number         0  defsig_fpe_inner.o ABSOLUTE
    ../clib/signal.c                         0x00000000   Number         0  defsig_exit.o ABSOLUTE
    ../clib/signal.c                         0x00000000   Number         0  defsig_rtmem_formal.o ABSOLUTE
    ../clib/signal.c                         0x00000000   Number         0  defsig_pvfn_inner.o ABSOLUTE
    ../clib/signal.c                         0x00000000   Number         0  defsig_cppl_inner.o ABSOLUTE
    ../clib/signal.s                         0x00000000   Number         0  defsig.o ABSOLUTE
    ../clib/stdlib.c                         0x00000000   Number         0  exit.o ABSOLUTE
    ../fplib/fpinit.s                        0x00000000   Number         0  fpinit.o ABSOLUTE
    ..\..\Source\list.c                      0x00000000   Number         0  list.o ABSOLUTE
    ..\..\Source\portable\MemMang\heap_2.c   0x00000000   Number         0  heap_2.o ABSOLUTE
    ..\..\Source\portable\RVDS\ARM7_LPC21xx\port.c 0x00000000   Number         0  port.o ABSOLUTE
    ..\..\Source\portable\RVDS\ARM7_LPC21xx\portASM.s 0x00000000   Number         0  portasm.o ABSOLUTE
    ..\..\Source\queue.c                     0x00000000   Number         0  queue.o ABSOLUTE
    ..\..\Source\tasks.c                     0x00000000   Number         0  tasks.o ABSOLUTE
    ParTest\ParTest.c                        0x00000000   Number         0  partest.o ABSOLUTE
    Starter_Files_V0\source\GPIO.c           0x00000000   Number         0  gpio.o ABSOLUTE
    Starter_Files_V0\source\GPIO_cfg.c       0x00000000   Number         0  gpio_cfg.o ABSOLUTE
    Starter_Files_V0\source\main.c           0x00000000   Number         0  main.o ABSOLUTE
    Starter_Files_V0\source\serial.c         0x00000000   Number         0  serial.o ABSOLUTE
    Startup.s                                0x00000000   Number         0  startup.o ABSOLUTE
    dc.s                                     0x00000000   Number         0  dc.o ABSOLUTE
    serial\serialISR.s                       0x00000000   Number         0  serialisr.o ABSOLUTE
    Undef_Handler                            0x00000040   ARM Code       4  startup.o(RESET)
    PAbt_Handler                             0x00000048   ARM Code       4  startup.o(RESET)
    DAbt_Handler                             0x0000004c   ARM Code       4  startup.o(RESET)
    IRQ_Handler                              0x00000050   ARM Code       4  startup.o(RESET)
    FIQ_Handler                              0x00000054   ARM Code       4  startup.o(RESET)
    !!!main                                  0x00000104   Section        8  __main.o(!!!main)
    !!!scatter                               0x0000010c   Section       60  __scatter.o(!!!scatter)
    !!dczerorl2                              0x00000148   Section       92  __dczerorl2.o(!!dczerorl2)
    _decompress_loop                         0x00000153   Thumb Code     0  __dczerorl2.o(!!dczerorl2)
    _decompress_zerolen                      0x00000161   Thumb Code     0  __dczerorl2.o(!!dczerorl2)
    _decompress_litn                         0x00000169   Thumb Code     0  __dczerorl2.o(!!dczerorl2)
    _decompress_lit                          0x0000016d   Thumb Code     0  __dczerorl2.o(!!dczerorl2)
    _decompress_copyorzero                   0x00000179   Thumb Code     0  __dczerorl2.o(!!dczerorl2)
    _decompress_zero                         0x00000181   Thumb Code     0  __dczerorl2.o(!!dczerorl2)
    _decompress_copyn                        0x0000018b   Thumb Code     0  __dczerorl2.o(!!dczerorl2)
    _decompress_copy                         0x00000193   Thumb Code     0  __dczerorl2.o(!!dczerorl2)
    _decompress_end                          0x0000019f   Thumb Code     0  __dczerorl2.o(!!dczerorl2)
    !!handler_zi                             0x000001a4   Section       44  __scatter_zi.o(!!handler_zi)
    .ARM.Collect$$libinit$$00000000          0x000001d8   Section        2  libinit.o(.ARM.Collect$$libinit$$00000000)
    .ARM.Collect$$libinit$$00000002          0x000001da   Section        0  libinit2.o(.ARM.Collect$$libinit$$00000002)
    .ARM.Collect$$libinit$$00000004          0x000001da   Section        0  libinit2.o(.ARM.Collect$$libinit$$00000004)
    .ARM.Collect$$libinit$$0000000A          0x000001da   Section        0  libinit2.o(.ARM.Collect$$libinit$$0000000A)
    .ARM.Collect$$libinit$$0000000C          0x000001da   Section        0  libinit2.o(.ARM.Collect$$libinit$$0000000C)
    .ARM.Collect$$libinit$$0000000E          0x000001da   Section        0  libinit2.o(.ARM.Collect$$libinit$$0000000E)
    .ARM.Collect$$libinit$$00000011          0x000001da   Section        0  libinit2.o(.ARM.Collect$$libinit$$00000011)
    .ARM.Collect$$libinit$$00000013          0x000001da   Section        0  libinit2.o(.ARM.Collect$$libinit$$00000013)
    .ARM.Collect$$libinit$$00000015          0x000001da   Section        0  libinit2.o(.ARM.Collect$$libinit$$00000015)
    .ARM.Collect$$libinit$$00000017          0x000001da   Section        0  libinit2.o(.ARM.Collect$$libinit$$00000017)
    .ARM.Collect$$libinit$$00000019          0x000001da   Section        0  libinit2.o(.ARM.Collect$$libinit$$00000019)
    .ARM.Collect$$libinit$$0000001B          0x000001da   Section        0  libinit2.o(.ARM.Collect$$libinit$$0000001B)
    .ARM.Collect$$libinit$$0000001D          0x000001da   Section        0  libinit2.o(.ARM.Collect$$libinit$$0000001D)
    .ARM.Collect$$libinit$$0000001F          0x000001da   Section        0  libinit2.o(.ARM.Collect$$libinit$$0000001F)
    .ARM.Collect$$libinit$$00000021          0x000001da   Section        0  libinit2.o(.ARM.Collect$$libinit$$00000021)
    .ARM.Collect$$libinit$$00000023          0x000001da   Section        0  libinit2.o(.ARM.Collect$$libinit$$00000023)
    .ARM.Collect$$libinit$$00000025          0x000001da   Section        0  libinit2.o(.ARM.Collect$$libinit$$00000025)
    .ARM.Collect$$libinit$$0000002C          0x000001da   Section        0  libinit2.o(.ARM.Collect$$libinit$$0000002C)
    .ARM.Collect$$libinit$$0000002E          0x000001da   Section        0  libinit2.o(.ARM.Collect$$libinit$$0000002E)
    .ARM.Collect$$libinit$$00000030          0x000001da   Section        0  libinit2.o(.ARM.Collect$$libinit$$00000030)
    .ARM.Collect$$libinit$$00000032          0x000001da   Section        0  libinit2.o(.ARM.Collect$$libinit$$00000032)
    .ARM.Collect$$libinit$$00000033          0x000001da   Section       12  libinit2.o(.ARM.Collect$$libinit$$00000033)
    .ARM.Collect$$libshutdown$$00000000      0x000001f0   Section        4  libshutdown.o(.ARM.Collect$$libshutdown$$00000000)
    .ARM.Collect$$libshutdown$$00000002      0x000001f4   Section        0  libshutdown2.o(.ARM.Collect$$libshutdown$$00000002)
    .ARM.Collect$$libshutdown$$00000004      0x000001f4   Section        0  libshutdown2.o(.ARM.Collect$$libshutdown$$00000004)
    .ARM.Collect$$libshutdown$$00000007      0x000001f4   Section        0  libshutdown2.o(.ARM.Collect$$libshutdown$$00000007)
    .ARM.Collect$$libshutdown$$0000000A      0x000001f4   Section        0  libshutdown2.o(.ARM.Collect$$libshutdown$$0000000A)
    .ARM.Collect$$libshutdown$$0000000C      0x000001f4   Section        0  libshutdown2.o(.ARM.Collect$$libshutdown$$0000000C)
    .ARM.Collect$$libshutdown$$0000000F      0x000001f4   Section        0  libshutdown2.o(.ARM.Collect$$libshutdown$$0000000F)
    .ARM.Collect$$libshutdown$$00000010      0x000001f4   Section        6  libshutdown2.o(.ARM.Collect$$libshutdown$$00000010)
    .ARM.Collect$$rtentry$$00000000          0x000001fc   Section        0  __rtentry.o(.ARM.Collect$$rtentry$$00000000)
    .ARM.Collect$$rtentry$$00000002          0x000001fc   Section        0  __rtentry2.o(.ARM.Collect$$rtentry$$00000002)
    .ARM.Collect$$rtentry$$00000004          0x000001fc   Section        8  __rtentry4.o(.ARM.Collect$$rtentry$$00000004)
    .ARM.Collect$$rtentry$$00000009          0x00000204   Section        0  __rtentry2.o(.ARM.Collect$$rtentry$$00000009)
    .ARM.Collect$$rtentry$$0000000A          0x00000204   Section        4  __rtentry2.o(.ARM.Collect$$rtentry$$0000000A)
    .ARM.Collect$$rtentry$$0000000C          0x00000208   Section        0  __rtentry2.o(.ARM.Collect$$rtentry$$0000000C)
    .ARM.Collect$$rtentry$$0000000D          0x00000208   Section       40  __rtentry2.o(.ARM.Collect$$rtentry$$0000000D)
    .ARM.Collect$$rtexit$$00000000           0x00000234   Section        4  rtexit.o(.ARM.Collect$$rtexit$$00000000)
    .ARM.Collect$$rtexit$$00000002           0x00000238   Section        0  rtexit2.o(.ARM.Collect$$rtexit$$00000002)
    .ARM.Collect$$rtexit$$00000003           0x00000238   Section        4  rtexit2.o(.ARM.Collect$$rtexit$$00000003)
    .ARM.Collect$$rtexit$$00000004           0x0000023c   Section        8  rtexit2.o(.ARM.Collect$$rtexit$$00000004)
    .text                                    0x00000244   Section       32  startup.o(.text)
    .text                                    0x00000264   Section      148  serialisr.o(.text)
    .text                                    0x000002f8   Section        0  gpio.o(.text)
    .text                                    0x00000454   Section        0  main.o(.text)
    prvSetupHardware                         0x0000055f   Thumb Code    26  main.o(.text)
    .text                                    0x00000674   Section        0  serial.o(.text)
    .text                                    0x00000814   Section        0  tasks.o(.text)
    prvInitialiseTaskLists                   0x00000815   Thumb Code    72  tasks.o(.text)
    prvAddNewTaskToReadyList                 0x0000085d   Thumb Code   144  tasks.o(.text)
    prvInitialiseNewTask                     0x000008ed   Thumb Code   154  tasks.o(.text)
    prvResetNextTaskUnblockTime              0x000009e7   Thumb Code    46  tasks.o(.text)
    prvDeleteTCB                             0x00000a15   Thumb Code    22  tasks.o(.text)
    prvAddCurrentTaskToDelayedList           0x00000cb9   Thumb Code   104  tasks.o(.text)
    prvTaskIsTaskSuspended                   0x00000fa9   Thumb Code    66  tasks.o(.text)
    prvCheckTasksWaitingTermination          0x000010e9   Thumb Code    64  tasks.o(.text)
    prvIdleTask                              0x00001129   Thumb Code    20  tasks.o(.text)
    .text                                    0x000018e4   Section        0  list.o(.text)
    .text                                    0x0000197c   Section        0  queue.o(.text)
    prvInitialiseNewQueue                    0x000019f9   Thumb Code    42  queue.o(.text)
    prvCopyDataToQueue                       0x00001a61   Thumb Code   132  queue.o(.text)
    prvNotifyQueueSetContainer               0x00001ae5   Thumb Code    90  queue.o(.text)
    prvUnlockQueue                           0x00001b3f   Thumb Code   172  queue.o(.text)
    prvIsQueueFull                           0x00001beb   Thumb Code    34  queue.o(.text)
    prvInitialiseMutex                       0x00001d31   Thumb Code    36  queue.o(.text)
    prvIsQueueEmpty                          0x00001e9f   Thumb Code    32  queue.o(.text)
    prvCopyDataFromQueue                     0x00001ebf   Thumb Code    48  queue.o(.text)
    prvGetDisinheritPriorityAfterTimeout     0x00001fe1   Thumb Code    22  queue.o(.text)
    .text                                    0x0000246c   Section        0  port.o(.text)
    prvSetupTimerInterrupt                   0x000024ed   Thumb Code    60  port.o(.text)
    .text                                    0x000025c4   Section        0  heap_2.o(.text)
    prvHeapInit                              0x000025c5   Thumb Code    38  heap_2.o(.text)
    .text                                    0x000026f8   Section      212  rt_memcpy.o(.text)
    .text                                    0x000027cc   Section      384  aeabi_sdiv.o(.text)
    __arm_div8                               0x000027f8   ARM Code       0  aeabi_sdiv.o(.text)
    __arm_div5                               0x0000281c   ARM Code       0  aeabi_sdiv.o(.text)
    __arm_div2                               0x00002840   ARM Code       0  aeabi_sdiv.o(.text)
    __arm_div_large                          0x0000287c   ARM Code       0  aeabi_sdiv.o(.text)
    .text                                    0x0000294c   Section        0  heapauxi.o(.text)
    .text                                    0x00002954   Section      100  rt_memcpy_w.o(.text)
    .text                                    0x000029b8   Section       96  sys_stackheap_outer.o(.text)
    .text                                    0x00002a18   Section        0  exit.o(.text)
    .text                                    0x00002a2c   Section       12  libspace.o(.text)
    .text                                    0x00002a40   Section        0  sys_exit.o(.text)
    .text                                    0x00002a4c   Section        4  use_no_semi.o(.text)
    .text                                    0x00002a50   Section        0  indicate_semi.o(.text)
    .text_udiv                               0x00002a54   Section       36  aeabi_sdiv.o(.text_udiv)
    PORT_ASM                                 0x00002a7c   Section      396  portasm.o(PORT_ASM)
    i.__ARM_common_disable_irq               0x00002c14   Section        0  tasks.o(i.__ARM_common_disable_irq)
    i.__ARM_common_enable_irq                0x00002c2c   Section        0  port.o(i.__ARM_common_enable_irq)
    i.__ARM_common_switch8                   0x00002c40   Section        0  tasks.o(i.__ARM_common_switch8)
    .data                                    0x40000000   Section       92  gpio_cfg.o(.data)
    .data                                    0x4000005c   Section      110  main.o(.data)
    .data                                    0x400000ca   Section        4  serial.o(.data)
    .data                                    0x400000d0   Section       60  tasks.o(.data)
    pxDelayedTaskList                        0x400000d4   Data           4  tasks.o(.data)
    pxOverflowDelayedTaskList                0x400000d8   Data           4  tasks.o(.data)
    uxDeletedTasksWaitingCleanUp             0x400000dc   Data           4  tasks.o(.data)
    uxCurrentNumberOfTasks                   0x400000e0   Data           4  tasks.o(.data)
    xTickCount                               0x400000e4   Data           4  tasks.o(.data)
    uxTopReadyPriority                       0x400000e8   Data           4  tasks.o(.data)
    xSchedulerRunning                        0x400000ec   Data           4  tasks.o(.data)
    xPendedTicks                             0x400000f0   Data           4  tasks.o(.data)
    xYieldPending                            0x400000f4   Data           4  tasks.o(.data)
    xNumOfOverflows                          0x400000f8   Data           4  tasks.o(.data)
    uxTaskNumber                             0x400000fc   Data           4  tasks.o(.data)
    xNextTaskUnblockTime                     0x40000100   Data           4  tasks.o(.data)
    xIdleTaskHandle                          0x40000104   Data           4  tasks.o(.data)
    uxSchedulerSuspended                     0x40000108   Data           4  tasks.o(.data)
    .data                                    0x4000010c   Section        8  queue.o(.data)
    .data                                    0x40000114   Section        4  port.o(.data)
    .data                                    0x40000118   Section       24  heap_2.o(.data)
    xStart                                   0x40000118   Data           8  heap_2.o(.data)
    xEnd                                     0x40000120   Data           8  heap_2.o(.data)
    xFreeBytesRemaining                      0x40000128   Data           4  heap_2.o(.data)
    xHeapHasBeenInitialised                  0x4000012c   Data           4  heap_2.o(.data)
    .bss                                     0x40000130   Section       20  main.o(.bss)
    .bss                                     0x40000144   Section      200  serial.o(.bss)
    .bss                                     0x4000020c   Section      180  tasks.o(.bss)
    pxReadyTasksLists                        0x4000020c   Data          80  tasks.o(.bss)
    xDelayedTaskList1                        0x4000025c   Data          20  tasks.o(.bss)
    xDelayedTaskList2                        0x40000270   Data          20  tasks.o(.bss)
    xPendingReadyList                        0x40000284   Data          20  tasks.o(.bss)
    xTasksWaitingTermination                 0x40000298   Data          20  tasks.o(.bss)
    xSuspendedTaskList                       0x400002ac   Data          20  tasks.o(.bss)
    .bss                                     0x400002c0   Section    13312  heap_2.o(.bss)
    ucHeap                                   0x400002c0   Data       13312  heap_2.o(.bss)
    .bss                                     0x400036c0   Section       96  libspace.o(.bss)
    HEAP                                     0x40003720   Section        0  startup.o(HEAP)
    STACK                                    0x40003720   Section     1568  startup.o(STACK)
    Heap_Mem                                 0x40003720   Data           0  startup.o(HEAP)
    Stack_Mem                                0x40003720   Data        1568  startup.o(STACK)
    Stack_Top                                0x40003d40   Data           0  startup.o(STACK)

    Global Symbols

    Symbol Name                              Value     Ov Type        Size  Object(Section)

    BuildAttributes$$THM_ISAv1$ARM_ISAv4$S$PE$A:L22$X:L11$S22$IEEE1$IW$USESV6$~STKCKD$USESV7$~SHL$OSPACE$ROPI$EBA8$UX$STANDARDLIB$REQ8$PRES8$EABIv2 0x00000000   Number         0  anon$$obj.o ABSOLUTE
    __ARM_use_no_argv                        0x00000000   Number         0  main.o ABSOLUTE
    __ARM_exceptions_init                     - Undefined Weak Reference
    __alloca_initialize                       - Undefined Weak Reference
    __arm_preinit_                            - Undefined Weak Reference
    __cpp_initialize__aeabi_                  - Undefined Weak Reference
    __cxa_finalize                            - Undefined Weak Reference
    __rt_locale                               - Undefined Weak Reference
    __sigvec_lookup                           - Undefined Weak Reference
    _atexit_init                              - Undefined Weak Reference
    _call_atexit_fns                          - Undefined Weak Reference
    _clock_init                               - Undefined Weak Reference
    _fp_trap_init                             - Undefined Weak Reference
    _fp_trap_shutdown                         - Undefined Weak Reference
    _get_lc_collate                           - Undefined Weak Reference
    _get_lc_ctype                             - Undefined Weak Reference
    _get_lc_monetary                          - Undefined Weak Reference
    _get_lc_numeric                           - Undefined Weak Reference
    _get_lc_time                              - Undefined Weak Reference
    _getenv_init                              - Undefined Weak Reference
    _handle_redirection                       - Undefined Weak Reference
    _init_alloc                               - Undefined Weak Reference
    _init_user_alloc                          - Undefined Weak Reference
    _initio                                   - Undefined Weak Reference
    _rand_init                                - Undefined Weak Reference
    _signal_finish                            - Undefined Weak Reference
    _signal_init                              - Undefined Weak Reference
    _terminate_alloc                          - Undefined Weak Reference
    _terminate_user_alloc                     - Undefined Weak Reference
    _terminateio                              - Undefined Weak Reference
    Reset_Handler                            0x00000058   ARM Code       0  startup.o(RESET)
    __main                                   0x00000104   ARM Code       8  __main.o(!!!main)
    __scatterload                            0x0000010c   ARM Code       0  __scatter.o(!!!scatter)
    __scatterload_rt2                        0x0000010c   ARM Code      52  __scatter.o(!!!scatter)
    __scatterload_null                       0x00000120   ARM Code       0  __scatter.o(!!!scatter)
    __decompress                             0x00000148   ARM Code      92  __dczerorl2.o(!!dczerorl2)
    __decompress1                            0x00000148   ARM Code       0  __dczerorl2.o(!!dczerorl2)
    __scatterload_zeroinit                   0x000001a4   ARM Code      44  __scatter_zi.o(!!handler_zi)
    Inline ARM to Thumb Veneer to __rt_lib_init 0x000001d0   ARM Code       8  libinit.o(.ARM.Collect$$libinit$$00000000)
    __rt_lib_init                            0x000001d9   Thumb Code     0  libinit.o(.ARM.Collect$$libinit$$00000000)
    __rt_lib_init_alloca_1                   0x000001db   Thumb Code     0  libinit2.o(.ARM.Collect$$libinit$$0000002E)
    __rt_lib_init_argv_1                     0x000001db   Thumb Code     0  libinit2.o(.ARM.Collect$$libinit$$0000002C)
    __rt_lib_init_atexit_1                   0x000001db   Thumb Code     0  libinit2.o(.ARM.Collect$$libinit$$0000001B)
    __rt_lib_init_clock_1                    0x000001db   Thumb Code     0  libinit2.o(.ARM.Collect$$libinit$$00000021)
    __rt_lib_init_cpp_1                      0x000001db   Thumb Code     0  libinit2.o(.ARM.Collect$$libinit$$00000032)
    __rt_lib_init_exceptions_1               0x000001db   Thumb Code     0  libinit2.o(.ARM.Collect$$libinit$$00000030)
    __rt_lib_init_fp_1                       0x000001db   Thumb Code     0  libinit2.o(.ARM.Collect$$libinit$$00000002)
    __rt_lib_init_fp_trap_1                  0x000001db   Thumb Code     0  libinit2.o(.ARM.Collect$$libinit$$0000001F)
    __rt_lib_init_getenv_1                   0x000001db   Thumb Code     0  libinit2.o(.ARM.Collect$$libinit$$00000023)
    __rt_lib_init_heap_1                     0x000001db   Thumb Code     0  libinit2.o(.ARM.Collect$$libinit$$0000000A)
    __rt_lib_init_lc_collate_1               0x000001db   Thumb Code     0  libinit2.o(.ARM.Collect$$libinit$$00000011)
    __rt_lib_init_lc_ctype_1                 0x000001db   Thumb Code     0  libinit2.o(.ARM.Collect$$libinit$$00000013)
    __rt_lib_init_lc_monetary_1              0x000001db   Thumb Code     0  libinit2.o(.ARM.Collect$$libinit$$00000015)
    __rt_lib_init_lc_numeric_1               0x000001db   Thumb Code     0  libinit2.o(.ARM.Collect$$libinit$$00000017)
    __rt_lib_init_lc_time_1                  0x000001db   Thumb Code     0  libinit2.o(.ARM.Collect$$libinit$$00000019)
    __rt_lib_init_preinit_1                  0x000001db   Thumb Code     0  libinit2.o(.ARM.Collect$$libinit$$00000004)
    __rt_lib_init_rand_1                     0x000001db   Thumb Code     0  libinit2.o(.ARM.Collect$$libinit$$0000000E)
    __rt_lib_init_return                     0x000001db   Thumb Code     0  libinit2.o(.ARM.Collect$$libinit$$00000033)
    __rt_lib_init_signal_1                   0x000001db   Thumb Code     0  libinit2.o(.ARM.Collect$$libinit$$0000001D)
    __rt_lib_init_stdio_1                    0x000001db   Thumb Code     0  libinit2.o(.ARM.Collect$$libinit$$00000025)
    __rt_lib_init_user_alloc_1               0x000001db   Thumb Code     0  libinit2.o(.ARM.Collect$$libinit$$0000000C)
    Inline ARM to Thumb Veneer to __rt_lib_shutdown 0x000001e8   ARM Code       8  libshutdown.o(.ARM.Collect$$libshutdown$$00000000)
    __rt_lib_shutdown                        0x000001f1   Thumb Code     0  libshutdown.o(.ARM.Collect$$libshutdown$$00000000)
    __rt_lib_shutdown_cpp_1                  0x000001f5   Thumb Code     0  libshutdown2.o(.ARM.Collect$$libshutdown$$00000002)
    __rt_lib_shutdown_fp_trap_1              0x000001f5   Thumb Code     0  libshutdown2.o(.ARM.Collect$$libshutdown$$00000007)
    __rt_lib_shutdown_heap_1                 0x000001f5   Thumb Code     0  libshutdown2.o(.ARM.Collect$$libshutdown$$0000000F)
    __rt_lib_shutdown_return                 0x000001f5   Thumb Code     0  libshutdown2.o(.ARM.Collect$$libshutdown$$00000010)
    __rt_lib_shutdown_signal_1               0x000001f5   Thumb Code     0  libshutdown2.o(.ARM.Collect$$libshutdown$$0000000A)
    __rt_lib_shutdown_stdio_1                0x000001f5   Thumb Code     0  libshutdown2.o(.ARM.Collect$$libshutdown$$00000004)
    __rt_lib_shutdown_user_alloc_1           0x000001f5   Thumb Code     0  libshutdown2.o(.ARM.Collect$$libshutdown$$0000000C)
    __rt_entry                               0x000001fc   ARM Code       0  __rtentry.o(.ARM.Collect$$rtentry$$00000000)
    __rt_entry_presh_1                       0x000001fc   ARM Code       0  __rtentry2.o(.ARM.Collect$$rtentry$$00000002)
    __rt_entry_sh                            0x000001fc   ARM Code       0  __rtentry4.o(.ARM.Collect$$rtentry$$00000004)
    __rt_entry_li                            0x00000204   ARM Code       0  __rtentry2.o(.ARM.Collect$$rtentry$$0000000A)
    __rt_entry_postsh_1                      0x00000204   ARM Code       0  __rtentry2.o(.ARM.Collect$$rtentry$$00000009)
    __rt_entry_main                          0x00000208   ARM Code       0  __rtentry2.o(.ARM.Collect$$rtentry$$0000000D)
    __rt_entry_postli_1                      0x00000208   ARM Code       0  __rtentry2.o(.ARM.Collect$$rtentry$$0000000C)
    Inline Thumb to ARM Veneer to __rt_exit  0x00000231   Thumb Code     4  rtexit.o(.ARM.Collect$$rtexit$$00000000)
    __rt_exit                                0x00000234   ARM Code       0  rtexit.o(.ARM.Collect$$rtexit$$00000000)
    __rt_exit_ls                             0x00000238   ARM Code       0  rtexit2.o(.ARM.Collect$$rtexit$$00000003)
    __rt_exit_prels_1                        0x00000238   ARM Code       0  rtexit2.o(.ARM.Collect$$rtexit$$00000002)
    __rt_exit_exit                           0x0000023c   ARM Code       0  rtexit2.o(.ARM.Collect$$rtexit$$00000004)
    __user_initial_stackheap                 0x00000244   ARM Code       0  startup.o(.text)
    vUART_ISREntry                           0x00000264   ARM Code       0  serialisr.o(.text)
    GPIO_init                                0x000002f9   Thumb Code   198  gpio.o(.text)
    GPIO_read                                0x000003bf   Thumb Code    40  gpio.o(.text)
    GPIO_write                               0x000003e7   Thumb Code    96  gpio.o(.text)
    Button_1_TASK                            0x00000455   Thumb Code    80  main.o(.text)
    Button_2_TASK                            0x000004a5   Thumb Code    80  main.o(.text)
    Informing_TASK                           0x000004f5   Thumb Code    50  main.o(.text)
    UART_TASK                                0x00000527   Thumb Code    56  main.o(.text)
    main                                     0x00000579   Thumb Code   118  main.o(.text)
    xSerialPortInitMinimal                   0x00000675   Thumb Code   124  serial.o(.text)
    xSerialGetChar                           0x000006f1   Thumb Code    34  serial.o(.text)
    xSerialPutChar                           0x00000713   Thumb Code     6  serial.o(.text)
    vSerialPutString                         0x00000719   Thumb Code    84  serial.o(.text)
    vUART_ISRHandler                         0x0000076d   Thumb Code   120  serial.o(.text)
    xTaskCreate                              0x00000987   Thumb Code    96  tasks.o(.text)
    vTaskDelete                              0x00000a2b   Thumb Code   130  tasks.o(.text)
    xTaskIncrementTick                       0x00000aad   Thumb Code   246  tasks.o(.text)
    xTaskResumeAll                           0x00000ba3   Thumb Code   278  tasks.o(.text)
    vTaskSuspendAll                          0x00000d21   Thumb Code    12  tasks.o(.text)
    vTaskDelayUntil                          0x00000d2d   Thumb Code    96  tasks.o(.text)
    vTaskDelay                               0x00000d8d   Thumb Code    42  tasks.o(.text)
    uxTaskPriorityGet                        0x00000db7   Thumb Code    36  tasks.o(.text)
    uxTaskPriorityGetFromISR                 0x00000ddb   Thumb Code    26  tasks.o(.text)
    vTaskPrioritySet                         0x00000df5   Thumb Code   198  tasks.o(.text)
    vTaskSwitchContext                       0x00000ebb   Thumb Code    98  tasks.o(.text)
    vTaskSuspend                             0x00000f1d   Thumb Code   140  tasks.o(.text)
    vTaskResume                              0x00000feb   Thumb Code    96  tasks.o(.text)
    xTaskResumeFromISR                       0x0000104b   Thumb Code   158  tasks.o(.text)
    vTaskStartScheduler                      0x0000113d   Thumb Code    60  tasks.o(.text)
    vTaskEndScheduler                        0x00001179   Thumb Code    22  tasks.o(.text)
    xTaskGetTickCount                        0x0000118f   Thumb Code    22  tasks.o(.text)
    xTaskGetTickCountFromISR                 0x000011a5   Thumb Code     8  tasks.o(.text)
    uxTaskGetNumberOfTasks                   0x000011ad   Thumb Code     6  tasks.o(.text)
    pcTaskGetName                            0x000011b3   Thumb Code    22  tasks.o(.text)
    xTaskCatchUpTicks                        0x000011c9   Thumb Code    34  tasks.o(.text)
    vTaskPlaceOnEventList                    0x000011eb   Thumb Code    32  tasks.o(.text)
    vTaskPlaceOnUnorderedEventList           0x0000120b   Thumb Code    46  tasks.o(.text)
    xTaskRemoveFromEventList                 0x00001239   Thumb Code   106  tasks.o(.text)
    vTaskRemoveFromUnorderedEventList        0x000012a3   Thumb Code    84  tasks.o(.text)
    vTaskSetTimeOutState                     0x000012f7   Thumb Code    30  tasks.o(.text)
    vTaskInternalSetTimeOutState             0x00001315   Thumb Code    14  tasks.o(.text)
    xTaskCheckForTimeOut                     0x00001323   Thumb Code    90  tasks.o(.text)
    vTaskMissedYield                         0x0000137d   Thumb Code     8  tasks.o(.text)
    xTaskGetCurrentTaskHandle                0x00001385   Thumb Code     6  tasks.o(.text)
    xTaskPriorityInherit                     0x0000138b   Thumb Code   154  tasks.o(.text)
    xTaskPriorityDisinherit                  0x00001425   Thumb Code    92  tasks.o(.text)
    vTaskPriorityDisinheritAfterTimeout      0x00001481   Thumb Code   206  tasks.o(.text)
    uxTaskResetEventItemValue                0x0000154f   Thumb Code    24  tasks.o(.text)
    pvTaskIncrementMutexHeldCount            0x00001567   Thumb Code    28  tasks.o(.text)
    ulTaskNotifyTake                         0x00001583   Thumb Code   106  tasks.o(.text)
    xTaskNotifyWait                          0x000015ed   Thumb Code   142  tasks.o(.text)
    xTaskGenericNotify                       0x0000167b   Thumb Code   170  tasks.o(.text)
    xTaskGenericNotifyFromISR                0x00001725   Thumb Code   200  tasks.o(.text)
    vTaskNotifyGiveFromISR                   0x000017ed   Thumb Code   120  tasks.o(.text)
    xTaskNotifyStateClear                    0x00001865   Thumb Code    54  tasks.o(.text)
    ulTaskNotifyValueClear                   0x0000189b   Thumb Code    48  tasks.o(.text)
    vListInitialise                          0x000018e5   Thumb Code    26  list.o(.text)
    vListInitialiseItem                      0x000018ff   Thumb Code     6  list.o(.text)
    vListInsertEnd                           0x00001905   Thumb Code    24  list.o(.text)
    vListInsert                              0x0000191d   Thumb Code    56  list.o(.text)
    uxListRemove                             0x00001955   Thumb Code    40  list.o(.text)
    xQueueGenericReset                       0x0000197d   Thumb Code   124  queue.o(.text)
    xQueueGenericCreate                      0x00001a23   Thumb Code    62  queue.o(.text)
    xQueueGenericSend                        0x00001c0d   Thumb Code   292  queue.o(.text)
    xQueueCreateMutex                        0x00001d55   Thumb Code    34  queue.o(.text)
    xQueueGenericSendFromISR                 0x00001d77   Thumb Code   162  queue.o(.text)
    xQueueGiveFromISR                        0x00001e19   Thumb Code   134  queue.o(.text)
    xQueueReceive                            0x00001eef   Thumb Code   242  queue.o(.text)
    xQueueSemaphoreTake                      0x00001ff7   Thumb Code   302  queue.o(.text)
    xQueuePeek                               0x00002125   Thumb Code   246  queue.o(.text)
    xQueueReceiveFromISR                     0x0000221b   Thumb Code   118  queue.o(.text)
    xQueuePeekFromISR                        0x00002291   Thumb Code    44  queue.o(.text)
    uxQueueMessagesWaiting                   0x000022bd   Thumb Code    22  queue.o(.text)
    uxQueueSpacesAvailable                   0x000022d3   Thumb Code    28  queue.o(.text)
    uxQueueMessagesWaitingFromISR            0x000022ef   Thumb Code     8  queue.o(.text)
    vQueueUnregisterQueue                    0x000022f7   Thumb Code    48  queue.o(.text)
    vQueueDelete                             0x00002327   Thumb Code    24  queue.o(.text)
    xQueueIsQueueEmptyFromISR                0x0000233f   Thumb Code    18  queue.o(.text)
    xQueueIsQueueFullFromISR                 0x00002351   Thumb Code    24  queue.o(.text)
    vQueueAddToRegistry                      0x00002369   Thumb Code    42  queue.o(.text)
    pcQueueGetName                           0x00002393   Thumb Code    40  queue.o(.text)
    xQueueCreateSet                          0x000023bb   Thumb Code    24  queue.o(.text)
    xQueueAddToSet                           0x000023d3   Thumb Code    46  queue.o(.text)
    xQueueRemoveFromSet                      0x00002401   Thumb Code    50  queue.o(.text)
    xQueueSelectFromSet                      0x00002433   Thumb Code    28  queue.o(.text)
    xQueueSelectFromSetFromISR               0x0000244f   Thumb Code    26  queue.o(.text)
    pxPortInitialiseStack                    0x0000246d   Thumb Code   128  port.o(.text)
    xPortStartScheduler                      0x00002529   Thumb Code    18  port.o(.text)
    vPortEndScheduler                        0x0000253b   Thumb Code     2  port.o(.text)
    vPortEnterCritical                       0x0000253d   Thumb Code    22  port.o(.text)
    vPortExitCritical                        0x00002553   Thumb Code    38  port.o(.text)
    pvPortMalloc                             0x000025eb   Thumb Code   170  heap_2.o(.text)
    vPortFree                                0x00002695   Thumb Code    62  heap_2.o(.text)
    xPortGetFreeHeapSize                     0x000026d3   Thumb Code     6  heap_2.o(.text)
    vPortInitialiseBlocks                    0x000026d9   Thumb Code     2  heap_2.o(.text)
    Inline Thumb to ARM Veneer to __aeabi_memcpy 0x000026f5   Thumb Code     4  rt_memcpy.o(.text)
    __aeabi_memcpy                           0x000026f8   ARM Code       0  rt_memcpy.o(.text)
    __rt_memcpy                              0x000026f8   ARM Code     212  rt_memcpy.o(.text)
    _memcpy_lastbytes                        0x000027ac   ARM Code       0  rt_memcpy.o(.text)
    __aeabi_idiv                             0x000027cc   ARM Code       0  aeabi_sdiv.o(.text)
    __aeabi_idivmod                          0x000027cc   ARM Code     384  aeabi_sdiv.o(.text)
    __use_two_region_memory                  0x0000294d   Thumb Code     2  heapauxi.o(.text)
    __rt_heap_escrow$2region                 0x0000294f   Thumb Code     2  heapauxi.o(.text)
    __rt_heap_expand$2region                 0x00002951   Thumb Code     2  heapauxi.o(.text)
    __aeabi_memcpy4                          0x00002954   ARM Code       0  rt_memcpy_w.o(.text)
    __aeabi_memcpy8                          0x00002954   ARM Code       0  rt_memcpy_w.o(.text)
    __rt_memcpy_w                            0x00002954   ARM Code     100  rt_memcpy_w.o(.text)
    _memcpy_lastbytes_aligned                0x000029a0   ARM Code       0  rt_memcpy_w.o(.text)
    __user_setup_stackheap                   0x000029b8   ARM Code      96  sys_stackheap_outer.o(.text)
    exit                                     0x00002a19   Thumb Code    20  exit.o(.text)
    __user_libspace                          0x00002a2c   ARM Code      12  libspace.o(.text)
    __user_perproc_libspace                  0x00002a2c   ARM Code       0  libspace.o(.text)
    __user_perthread_libspace                0x00002a2c   ARM Code       0  libspace.o(.text)
    Inline ARM to Thumb Veneer to _sys_exit  0x00002a38   ARM Code       8  sys_exit.o(.text)
    _sys_exit                                0x00002a41   Thumb Code     8  sys_exit.o(.text)
    __I$use$semihosting                      0x00002a4c   ARM Code       0  use_no_semi.o(.text)
    __use_no_semihosting_swi                 0x00002a4c   ARM Code       4  use_no_semi.o(.text)
    Inline Thumb to ARM Veneer to __aeabi_uidivmod 0x00002a51   Thumb Code     4  aeabi_sdiv.o(.text_udiv)
    __semihosting_library_function           0x00002a50   ARM Code       0  indicate_semi.o(.text)
    __aeabi_uidiv                            0x00002a54   ARM Code       0  aeabi_sdiv.o(.text_udiv)
    __aeabi_uidivmod                         0x00002a54   ARM Code      36  aeabi_sdiv.o(.text_udiv)
    Inline Thumb to ARM Veneer to vPortStartFirstTask 0x00002a79   Thumb Code     4  portasm.o(PORT_ASM)
    vPortStartFirstTask                      0x00002a7c   ARM Code       0  portasm.o(PORT_ASM)
    vPortYield                               0x00002aac   ARM Code       0  portasm.o(PORT_ASM)
    vPortYieldProcessor                      0x00002ab4   ARM Code       0  portasm.o(PORT_ASM)
    vPreemptiveTick                          0x00002b40   ARM Code       0  portasm.o(PORT_ASM)
    Short Thumb to ARM Veneer to vPortYield  0x00002c09   Thumb Code     8  anon$$obj.o(Veneer$$Code)
    Inline Thumb to ARM Veneer to __ARM_common_disable_irq 0x00002c11   Thumb Code     4  tasks.o(i.__ARM_common_disable_irq)
    __ARM_common_disable_irq                 0x00002c14   ARM Code      20  tasks.o(i.__ARM_common_disable_irq)
    Inline Thumb to ARM Veneer to __ARM_common_enable_irq 0x00002c29   Thumb Code     4  port.o(i.__ARM_common_enable_irq)
    __ARM_common_enable_irq                  0x00002c2c   ARM Code      16  port.o(i.__ARM_common_enable_irq)
    Inline Thumb to ARM Veneer to __ARM_common_switch8 0x00002c3d   Thumb Code     4  tasks.o(i.__ARM_common_switch8)
    __ARM_common_switch8                     0x00002c40   ARM Code      32  tasks.o(i.__ARM_common_switch8)
    Region$$Table$$Base                      0x00002c60   Number         0  anon$$obj.o(Region$$Table)
    Region$$Table$$Limit                     0x00002c80   Number         0  anon$$obj.o(Region$$Table)
    PinConfig_array                          0x40000000   Data          90  gpio_cfg.o(.data)
    PinConfig_array_size                     0x4000005a   Data           2  gpio_cfg.o(.data)
    Task_3_semaphore_handler                 0x4000005c   Data           4  main.o(.data)
    UART_Queue_Handler                       0x40000060   Data           4  main.o(.data)
    Button_1_TASK_Handler                    0x40000064   Data           4  main.o(.data)
    Button_2_TASK_Handler                    0x40000068   Data           4  main.o(.data)
    Informing_TASK_Handler                   0x4000006c   Data           4  main.o(.data)
    UART_TASK_Handler                        0x40000070   Data           4  main.o(.data)
    But_1_H                                  0x40000074   Data          20  main.o(.data)
    But_1_L                                  0x40000088   Data          20  main.o(.data)
    But_2_H                                  0x4000009c   Data          20  main.o(.data)
    But_2_L                                  0x400000b0   Data          20  main.o(.data)
    Inf                                      0x400000c4   Data           6  main.o(.data)
    receivedChar                             0x400000ca   Data           1  serial.o(.data)
    isNewCharAvailable                       0x400000cb   Data           1  serial.o(.data)
    txDataSizeToSend                         0x400000cc   Data           1  serial.o(.data)
    txDataSizeLeftToSend                     0x400000cd   Data           1  serial.o(.data)
    pxCurrentTCB                             0x400000d0   Data           4  tasks.o(.data)
    xQueueRegistry                           0x4000010c   Data           8  queue.o(.data)
    ulCriticalNesting                        0x40000114   Data           4  port.o(.data)
    Buffer                                   0x40000130   Data          20  main.o(.bss)
    txBuffer                                 0x40000144   Data         200  serial.o(.bss)
    __libspace_start                         0x400036c0   Data          96  libspace.o(.bss)
    __temporary_stack_top$libspace           0x40003720   Data           0  libspace.o(.bss)



==============================================================================

Memory Map of the image

  Image Entry point : 0x00000104

  Load Region LR_IROM1 (Base: 0x00000000, Size: 0x00002db0, Max: 0x00040000, ABSOLUTE, COMPRESSED[0x00002d10])

    Execution Region ER_IROM1 (Exec base: 0x00000000, Load base: 0x00000000, Size: 0x00002c80, Max: 0x00040000, ABSOLUTE)

    Exec Addr    Load Addr    Size         Type   Attr      Idx    E Section Name        Object

    0x00000000   0x00000000   0x00000104   Code   RO            3    RESET               startup.o
    0x00000104   0x00000104   0x00000008   Code   RO          276  * !!!main             c_t.l(__main.o)
    0x0000010c   0x0000010c   0x0000003c   Code   RO          449    !!!scatter          c_t.l(__scatter.o)
    0x00000148   0x00000148   0x0000005c   Code   RO          447    !!dczerorl2         c_t.l(__dczerorl2.o)
    0x000001a4   0x000001a4   0x0000002c   Code   RO          451    !!handler_zi        c_t.l(__scatter_zi.o)
    0x000001d0   0x000001d0   0x00000008   Ven    RO          315    .ARM.Collect$$libinit$$00000000  c_t.l(libinit.o)
    0x000001d8   0x000001d8   0x00000002   Code   RO          315    .ARM.Collect$$libinit$$00000000  c_t.l(libinit.o)
    0x000001da   0x000001da   0x00000000   Code   RO          328    .ARM.Collect$$libinit$$00000002  c_t.l(libinit2.o)
    0x000001da   0x000001da   0x00000000   Code   RO          330    .ARM.Collect$$libinit$$00000004  c_t.l(libinit2.o)
    0x000001da   0x000001da   0x00000000   Code   RO          333    .ARM.Collect$$libinit$$0000000A  c_t.l(libinit2.o)
    0x000001da   0x000001da   0x00000000   Code   RO          335    .ARM.Collect$$libinit$$0000000C  c_t.l(libinit2.o)
    0x000001da   0x000001da   0x00000000   Code   RO          337    .ARM.Collect$$libinit$$0000000E  c_t.l(libinit2.o)
    0x000001da   0x000001da   0x00000000   Code   RO          340    .ARM.Collect$$libinit$$00000011  c_t.l(libinit2.o)
    0x000001da   0x000001da   0x00000000   Code   RO          342    .ARM.Collect$$libinit$$00000013  c_t.l(libinit2.o)
    0x000001da   0x000001da   0x00000000   Code   RO          344    .ARM.Collect$$libinit$$00000015  c_t.l(libinit2.o)
    0x000001da   0x000001da   0x00000000   Code   RO          346    .ARM.Collect$$libinit$$00000017  c_t.l(libinit2.o)
    0x000001da   0x000001da   0x00000000   Code   RO          348    .ARM.Collect$$libinit$$00000019  c_t.l(libinit2.o)
    0x000001da   0x000001da   0x00000000   Code   RO          350    .ARM.Collect$$libinit$$0000001B  c_t.l(libinit2.o)
    0x000001da   0x000001da   0x00000000   Code   RO          352    .ARM.Collect$$libinit$$0000001D  c_t.l(libinit2.o)
    0x000001da   0x000001da   0x00000000   Code   RO          354    .ARM.Collect$$libinit$$0000001F  c_t.l(libinit2.o)
    0x000001da   0x000001da   0x00000000   Code   RO          356    .ARM.Collect$$libinit$$00000021  c_t.l(libinit2.o)
    0x000001da   0x000001da   0x00000000   Code   RO          358    .ARM.Collect$$libinit$$00000023  c_t.l(libinit2.o)
    0x000001da   0x000001da   0x00000000   Code   RO          360    .ARM.Collect$$libinit$$00000025  c_t.l(libinit2.o)
    0x000001da   0x000001da   0x00000000   Code   RO          364    .ARM.Collect$$libinit$$0000002C  c_t.l(libinit2.o)
    0x000001da   0x000001da   0x00000000   Code   RO          366    .ARM.Collect$$libinit$$0000002E  c_t.l(libinit2.o)
    0x000001da   0x000001da   0x00000000   Code   RO          368    .ARM.Collect$$libinit$$00000030  c_t.l(libinit2.o)
    0x000001da   0x000001da   0x00000000   Code   RO          370    .ARM.Collect$$libinit$$00000032  c_t.l(libinit2.o)
    0x000001da   0x000001da   0x0000000c   Code   RO          371    .ARM.Collect$$libinit$$00000033  c_t.l(libinit2.o)
    0x000001e6   0x000001e6   0x00000002   PAD
    0x000001e8   0x000001e8   0x00000008   Ven    RO          404    .ARM.Collect$$libshutdown$$00000000  c_t.l(libshutdown.o)
    0x000001f0   0x000001f0   0x00000004   Code   RO          404    .ARM.Collect$$libshutdown$$00000000  c_t.l(libshutdown.o)
    0x000001f4   0x000001f4   0x00000000   Code   RO          430    .ARM.Collect$$libshutdown$$00000002  c_t.l(libshutdown2.o)
    0x000001f4   0x000001f4   0x00000000   Code   RO          432    .ARM.Collect$$libshutdown$$00000004  c_t.l(libshutdown2.o)
    0x000001f4   0x000001f4   0x00000000   Code   RO          435    .ARM.Collect$$libshutdown$$00000007  c_t.l(libshutdown2.o)
    0x000001f4   0x000001f4   0x00000000   Code   RO          438    .ARM.Collect$$libshutdown$$0000000A  c_t.l(libshutdown2.o)
    0x000001f4   0x000001f4   0x00000000   Code   RO          440    .ARM.Collect$$libshutdown$$0000000C  c_t.l(libshutdown2.o)
    0x000001f4   0x000001f4   0x00000000   Code   RO          443    .ARM.Collect$$libshutdown$$0000000F  c_t.l(libshutdown2.o)
    0x000001f4   0x000001f4   0x00000006   Code   RO          444    .ARM.Collect$$libshutdown$$00000010  c_t.l(libshutdown2.o)
    0x000001fa   0x000001fa   0x00000002   PAD
    0x000001fc   0x000001fc   0x00000000   Code   RO          278    .ARM.Collect$$rtentry$$00000000  c_t.l(__rtentry.o)
    0x000001fc   0x000001fc   0x00000000   Code   RO          286    .ARM.Collect$$rtentry$$00000002  c_t.l(__rtentry2.o)
    0x000001fc   0x000001fc   0x00000008   Code   RO          298    .ARM.Collect$$rtentry$$00000004  c_t.l(__rtentry4.o)
    0x00000204   0x00000204   0x00000000   Code   RO          288    .ARM.Collect$$rtentry$$00000009  c_t.l(__rtentry2.o)
    0x00000204   0x00000204   0x00000004   Code   RO          289    .ARM.Collect$$rtentry$$0000000A  c_t.l(__rtentry2.o)
    0x00000208   0x00000208   0x00000000   Code   RO          291    .ARM.Collect$$rtentry$$0000000C  c_t.l(__rtentry2.o)
    0x00000208   0x00000208   0x00000028   Code   RO          292    .ARM.Collect$$rtentry$$0000000D  c_t.l(__rtentry2.o)
    0x00000230   0x00000230   0x00000004   Ven    RO          319    .ARM.Collect$$rtexit$$00000000  c_t.l(rtexit.o)
    0x00000234   0x00000234   0x00000004   Code   RO          319    .ARM.Collect$$rtexit$$00000000  c_t.l(rtexit.o)
    0x00000238   0x00000238   0x00000000   Code   RO          375    .ARM.Collect$$rtexit$$00000002  c_t.l(rtexit2.o)
    0x00000238   0x00000238   0x00000004   Code   RO          376    .ARM.Collect$$rtexit$$00000003  c_t.l(rtexit2.o)
    0x0000023c   0x0000023c   0x00000008   Code   RO          377    .ARM.Collect$$rtexit$$00000004  c_t.l(rtexit2.o)
    0x00000244   0x00000244   0x00000020   Code   RO            4    .text               startup.o
    0x00000264   0x00000264   0x00000094   Code   RO           57    .text               serialisr.o
    0x000002f8   0x000002f8   0x0000015c   Code   RO           60    .text               gpio.o
    0x00000454   0x00000454   0x00000220   Code   RO           94    .text               main.o
    0x00000674   0x00000674   0x000001a0   Code   RO          141    .text               serial.o
    0x00000814   0x00000814   0x000010d0   Code   RO          157    .text               tasks.o
    0x000018e4   0x000018e4   0x00000098   Code   RO          189    .text               list.o
    0x0000197c   0x0000197c   0x00000af0   Code   RO          201    .text               queue.o
    0x0000246c   0x0000246c   0x00000158   Code   RO          219    .text               port.o
    0x000025c4   0x000025c4   0x00000130   Code   RO          236    .text               heap_2.o
    0x000026f4   0x000026f4   0x00000004   Ven    RO          256    .text               c_t.l(rt_memcpy.o)
    0x000026f8   0x000026f8   0x000000d4   Code   RO          256    .text               c_t.l(rt_memcpy.o)
    0x000027cc   0x000027cc   0x00000180   Code   RO          258    .text               c_t.l(aeabi_sdiv.o)
    0x0000294c   0x0000294c   0x00000006   Code   RO          274    .text               c_t.l(heapauxi.o)
    0x00002952   0x00002952   0x00000002   PAD
    0x00002954   0x00002954   0x00000064   Code   RO          283    .text               c_t.l(rt_memcpy_w.o)
    0x000029b8   0x000029b8   0x00000060   Code   RO          302    .text               c_t.l(sys_stackheap_outer.o)
    0x00002a18   0x00002a18   0x00000014   Code   RO          304    .text               c_t.l(exit.o)
    0x00002a2c   0x00002a2c   0x0000000c   Code   RO          316    .text               c_t.l(libspace.o)
    0x00002a38   0x00002a38   0x00000008   Ven    RO          372    .text               c_t.l(sys_exit.o)
    0x00002a40   0x00002a40   0x0000000c   Code   RO          372    .text               c_t.l(sys_exit.o)
    0x00002a4c   0x00002a4c   0x00000004   Code   RO          393    .text               c_t.l(use_no_semi.o)
    0x00002a50   0x00002a50   0x00000000   Code   RO          395    .text               c_t.l(indicate_semi.o)
    0x00002a50   0x00002a50   0x00000004   Ven    RO          259    .text_udiv          c_t.l(aeabi_sdiv.o)
    0x00002a54   0x00002a54   0x00000024   Code   RO          259    .text_udiv          c_t.l(aeabi_sdiv.o)
    0x00002a78   0x00002a78   0x00000004   Ven    RO          251    PORT_ASM            portasm.o
    0x00002a7c   0x00002a7c   0x0000018c   Code   RO          251    PORT_ASM            portasm.o
    0x00002c08   0x00002c08   0x00000008   Ven    RO          463    Veneer$$Code        anon$$obj.o
    0x00002c10   0x00002c10   0x00000004   Ven    RO          172    i.__ARM_common_disable_irq  tasks.o
    0x00002c14   0x00002c14   0x00000014   Code   RO          172    i.__ARM_common_disable_irq  tasks.o
    0x00002c28   0x00002c28   0x00000004   Ven    RO          231    i.__ARM_common_enable_irq  port.o
    0x00002c2c   0x00002c2c   0x00000010   Code   RO          231    i.__ARM_common_enable_irq  port.o
    0x00002c3c   0x00002c3c   0x00000004   Ven    RO          170    i.__ARM_common_switch8  tasks.o
    0x00002c40   0x00002c40   0x00000020   Code   RO          170    i.__ARM_common_switch8  tasks.o
    0x00002c60   0x00002c60   0x00000020   Data   RO          445    Region$$Table       anon$$obj.o


    Execution Region RW_IRAM1 (Exec base: 0x40000000, Load base: 0x00002c80, Size: 0x00003d40, Max: 0x00004000, ABSOLUTE, COMPRESSED[0x00000090])

    Exec Addr    Load Addr    Size         Type   Attr      Idx    E Section Name        Object

    0x40000000   COMPRESSED   0x0000005c   Data   RW           82    .data               gpio_cfg.o
    0x4000005c   COMPRESSED   0x0000006e   Data   RW           96    .data               main.o
    0x400000ca   COMPRESSED   0x00000004   Data   RW          143    .data               serial.o
    0x400000ce   COMPRESSED   0x00000002   PAD
    0x400000d0   COMPRESSED   0x0000003c   Data   RW          159    .data               tasks.o
    0x4000010c   COMPRESSED   0x00000008   Data   RW          202    .data               queue.o
    0x40000114   COMPRESSED   0x00000004   Data   RW          220    .data               port.o
    0x40000118   COMPRESSED   0x00000018   Data   RW          238    .data               heap_2.o
    0x40000130        -       0x00000014   Zero   RW           95    .bss                main.o
    0x40000144        -       0x000000c8   Zero   RW          142    .bss                serial.o
    0x4000020c        -       0x000000b4   Zero   RW          158    .bss                tasks.o
    0x400002c0        -       0x00003400   Zero   RW          237    .bss                heap_2.o
    0x400036c0        -       0x00000060   Zero   RW          317    .bss                c_t.l(libspace.o)
    0x40003720        -       0x00000000   Zero   RW            2    HEAP                startup.o
    0x40003720        -       0x00000620   Zero   RW            1    STACK               startup.o


==============================================================================

Image component sizes


      Code (inc. data)   RO Data    RW Data    ZI Data      Debug   Object Name

       348         14          0          0          0       1677   gpio.o
         0          0          0         92          0       1163   gpio_cfg.o
       304         26          0         24      13312       3312   heap_2.o
       152          0          0          0          0       1894   list.o
       544        134          0        110         20      14318   main.o
         0          0          0          0          0       8048   partest.o
       360         76          0          4          0       3135   port.o
       396         24          0          0          0        372   portasm.o
      2800          4          0          8          0      18704   queue.o
       416         48          0          4        200       3818   serial.o
       148         12          0          0          0        284   serialisr.o
       292         60          0          0       1568        628   startup.o
      4356        252          0         60        180      25146   tasks.o

    ----------------------------------------------------------------------
     10140        650         32        304      15280      82499   Object Totals
        24          0         32          0          0          0   (incl. Generated)
         0          0          0          2          0          0   (incl. Padding)

    ----------------------------------------------------------------------

      Code (inc. data)   RO Data    RW Data    ZI Data      Debug   Library Member Name

        92          0          0          0          0          0   __dczerorl2.o
         8          0          0          0          0         68   __main.o
         0          0          0          0          0          0   __rtentry.o
        44          4          0          0          0          0   __rtentry2.o
         8          0          0          0          0          0   __rtentry4.o
        60          8          0          0          0          0   __scatter.o
        44          0          0          0          0          0   __scatter_zi.o
       424          0          0          0          0        148   aeabi_sdiv.o
        20          0          0          0          0         80   exit.o
         6          0          0          0          0        136   heapauxi.o
         0          0          0          0          0          0   indicate_semi.o
        10          0          0          0          0          0   libinit.o
        12          0          0          0          0          0   libinit2.o
        12          0          0          0          0          0   libshutdown.o
         6          0          0          0          0          0   libshutdown2.o
        12          4          0          0         96         68   libspace.o
       216          0          0          0          0         68   rt_memcpy.o
       100          0          0          0          0         80   rt_memcpy_w.o
         8          0          0          0          0          0   rtexit.o
        12          0          0          0          0          0   rtexit2.o
        20          4          0          0          0         60   sys_exit.o
        96          0          0          0          0         80   sys_stackheap_outer.o
         4          0          0          0          0         68   use_no_semi.o

    ----------------------------------------------------------------------
      1220         20          0          0         96        856   Library Totals
         6          0          0          0          0          0   (incl. Padding)

    ----------------------------------------------------------------------

      Code (inc. data)   RO Data    RW Data    ZI Data      Debug   Library Name

      1214         20          0          0         96        856   c_t.l

    ----------------------------------------------------------------------
      1220         20          0          0         96        856   Library Totals

    ----------------------------------------------------------------------

==============================================================================


      Code (inc. data)   RO Data    RW Data    ZI Data      Debug   

     11360        670         32        304      15376      82431   Grand Totals
     11360        670         32        144      15376      82431   ELF Image Totals (compressed)
     11360        670         32        144          0          0   ROM Totals

==============================================================================

    Total RO  Size (Code + RO Data)                11392 (  11.13kB)
    Total RW  Size (RW Data + ZI Data)             15680 (  15.31kB)
    Total ROM Size (Code + RO Data + RW Data)      11536 (  11.27kB)

==============================================================================

